// Jest Snapshot v1, https://goo.gl/fbAQLP

exports[`My app renders correctly 1`] = `
Array [
  <div
    className="d-flex flex-wrap align-items-center p-3 container"
  >
    <img
      alt="Logo"
      className="Logo"
      src="https://spacetravellerhubcapstone.netlify.app/static/media/planet.3f6fb2742f28651730c0.png"
    />
    <h3>
      Space Travelers' Hub
    </h3>
    <ul
      className="list-unstyled m-2 p-2 d-flex flex-wrap"
      style={
        Object {
          "flex": "2",
          "justifyContent": "flex-end",
        }
      }
    >
      <li
        className="m-2"
      >
        <a
          aria-current="page"
          className="active-link"
          href="/"
          onClick={[Function]}
        >
          Rockets
        </a>
      </li>
      <li
        className="m-2"
      >
        <a
          className="link"
          href="/Mission"
          onClick={[Function]}
        >
          Mission
        </a>
      </li>
      <li
        className="m-2"
      >
        <a
          className="link"
          href="/MyProfile"
          onClick={[Function]}
        >
          My Profile
        </a>
      </li>
    </ul>
  </div>,
  <div>
    Loading
  </div>,
]
`;
